---
http_interactions:
- request:
    method: post
    uri: https://mws.amazonservices.com/Orders/2013-09-01
    body:
      encoding: UTF-8
      string: AWSAccessKeyId=foo&Action=GetOrder&AmazonOrderId.Id.1=bar&SellerId=MERCHANT_ID&SignatureMethod=HmacSHA256&SignatureVersion=2&Timestamp=2016-05-23T12%3A17%3A01Z&Version=2013-09-01&Signature=MyyiEUzErh8YiguHaNFTHIU2DckQIGmyIlx5TPsDTuM%3D
    headers:
      User-Agent:
      - Jeff/1.5.1 (Language=Ruby; Hakans-MacBook.home)
      Content-Type:
      - application/x-www-form-urlencoded
  response:
    status:
      code: 403
      message:
    headers:
      Server:
      - Server
      Date:
      - Mon, 23 May 2016 12:17:02 GMT
      Content-Type:
      - text/xml
      Content-Length:
      - '344'
      Connection:
      - keep-alive
      x-mws-request-id:
      - 00df398f-e78f-49ff-b71b-aef161edb82c
      x-mws-timestamp:
      - '2016-05-23T12:17:02.582Z'
      x-mws-response-context:
      - bUYOxpXi+PGNh8qrdEc9kNp/ooLyWO1crukK1cDkvBVJW7HEf3sp2ktciOyJT2XnnHtpcY4E7Xvj
        NaUV/Vk0KA==
      Vary:
      - Accept-Encoding,User-Agent
    body:
      encoding: UTF-8
      string: |
        <?xml version="1.0"?>
        <ErrorResponse xmlns="https://mws.amazonservices.com/Orders/2013-09-01">
          <Error>
            <Type>Sender</Type>
            <Code>InvalidAccessKeyId</Code>
            <Message>The AWS Access Key Id you provided does not exist in our records.</Message>
          </Error>
          <RequestID>00df398f-e78f-49ff-b71b-aef161edb82c</RequestID>
        </ErrorResponse>
  recorded_at: Mon, 23 May 2016 12:17:02 GMT
- request:
    method: post
    uri: https://mws-eu.amazonservices.com/Orders/2013-09-01
    body:
      encoding: UTF-8
      string: AWSAccessKeyId=foo&Action=GetOrder&AmazonOrderId.Id.1=bar&SellerId=MERCHANT_ID&SignatureMethod=HmacSHA256&SignatureVersion=2&Timestamp=2016-05-23T12%3A17%3A02Z&Version=2013-09-01&Signature=t0LccrY3UcTag6oztJwms4YaAHN%2FRku8D339MzuREJc%3D
    headers:
      User-Agent:
      - Jeff/1.5.1 (Language=Ruby; Hakans-MacBook.home)
      Content-Type:
      - application/x-www-form-urlencoded
  response:
    status:
      code: 403
      message:
    headers:
      Server:
      - Server
      Date:
      - Mon, 23 May 2016 12:17:03 GMT
      Content-Type:
      - text/xml
      Content-Length:
      - '344'
      Connection:
      - keep-alive
      x-mws-request-id:
      - 1d076335-515f-451d-bc8f-c12c93e43874
      x-mws-timestamp:
      - '2016-05-23T12:17:03.527Z'
      x-mws-response-context:
      - wxjSPxLmtd2MjB+U8T6ibCRHp+80uxJDefc7wRqMusZsE/AWkAL2kCn098SkJSG5DllbPvgvYHWc
        p8OKqk30ag==
      Vary:
      - Accept-Encoding,User-Agent
    body:
      encoding: UTF-8
      string: |
        <?xml version="1.0"?>
        <ErrorResponse xmlns="https://mws.amazonservices.com/Orders/2013-09-01">
          <Error>
            <Type>Sender</Type>
            <Code>InvalidAccessKeyId</Code>
            <Message>The AWS Access Key Id you provided does not exist in our records.</Message>
          </Error>
          <RequestID>1d076335-515f-451d-bc8f-c12c93e43874</RequestID>
        </ErrorResponse>
  recorded_at: Mon, 23 May 2016 12:17:03 GMT
- request:
    method: post
    uri: https://mws-eu.amazonservices.com/Orders/2013-09-01
    body:
      encoding: UTF-8
      string: AWSAccessKeyId=foo&Action=GetOrder&AmazonOrderId.Id.1=bar&SellerId=MERCHANT_ID&SignatureMethod=HmacSHA256&SignatureVersion=2&Timestamp=2016-05-23T12%3A17%3A03Z&Version=2013-09-01&Signature=SMZmbd4bacx8bYkg6WJ198bIfkjQFLh7kWqGTqsVBg8%3D
    headers:
      User-Agent:
      - Jeff/1.5.1 (Language=Ruby; Hakans-MacBook.home)
      Content-Type:
      - application/x-www-form-urlencoded
  response:
    status:
      code: 403
      message:
    headers:
      Server:
      - Server
      Date:
      - Mon, 23 May 2016 12:17:03 GMT
      Content-Type:
      - text/xml
      Content-Length:
      - '344'
      Connection:
      - keep-alive
      x-mws-request-id:
      - 8a975a37-ae3d-420c-b294-747ece38eb15
      x-mws-timestamp:
      - '2016-05-23T12:17:03.768Z'
      x-mws-response-context:
      - nq1uY2OtVML1oMuS81LCGiEz9sUZ69g5DcrAhm/LXQd7A47ENMes/ykmT1Tj7NzcPkXGYWmgDlCJ
        bSPOogd/bg==
      Vary:
      - Accept-Encoding,User-Agent
    body:
      encoding: UTF-8
      string: |
        <?xml version="1.0"?>
        <ErrorResponse xmlns="https://mws.amazonservices.com/Orders/2013-09-01">
          <Error>
            <Type>Sender</Type>
            <Code>InvalidAccessKeyId</Code>
            <Message>The AWS Access Key Id you provided does not exist in our records.</Message>
          </Error>
          <RequestID>8a975a37-ae3d-420c-b294-747ece38eb15</RequestID>
        </ErrorResponse>
  recorded_at: Mon, 23 May 2016 12:17:03 GMT
- request:
    method: post
    uri: https://mws.amazonservices.com/Orders/2013-09-01
    body:
      encoding: UTF-8
      string: AWSAccessKeyId=foo&Action=GetOrder&AmazonOrderId.Id.1=bar&SellerId=MERCHANT_ID&SignatureMethod=HmacSHA256&SignatureVersion=2&Timestamp=2016-05-23T12%3A17%3A03Z&Version=2013-09-01&Signature=LZJLm79FpUSEEE64JxOQl%2Fv9%2B8gJundIO9GCm59ZQCI%3D
    headers:
      User-Agent:
      - Jeff/1.5.1 (Language=Ruby; Hakans-MacBook.home)
      Content-Type:
      - application/x-www-form-urlencoded
  response:
    status:
      code: 403
      message:
    headers:
      Server:
      - Server
      Date:
      - Mon, 23 May 2016 12:17:04 GMT
      Content-Type:
      - text/xml
      Content-Length:
      - '344'
      Connection:
      - keep-alive
      x-mws-request-id:
      - 627c5924-6175-40bf-98b4-502a938310a6
      x-mws-timestamp:
      - '2016-05-23T12:17:04.795Z'
      x-mws-response-context:
      - d3QEKHI7fhB64Q9lCdTzO0FMWprAU3qHDCpgP0LmNl5diGZhXojnzBTnxRv+G0P6+/wXovJJQD17
        vuYS4GIdRg==
      Vary:
      - Accept-Encoding,User-Agent
    body:
      encoding: UTF-8
      string: |
        <?xml version="1.0"?>
        <ErrorResponse xmlns="https://mws.amazonservices.com/Orders/2013-09-01">
          <Error>
            <Type>Sender</Type>
            <Code>InvalidAccessKeyId</Code>
            <Message>The AWS Access Key Id you provided does not exist in our records.</Message>
          </Error>
          <RequestID>627c5924-6175-40bf-98b4-502a938310a6</RequestID>
        </ErrorResponse>
  recorded_at: Mon, 23 May 2016 12:17:04 GMT
- request:
    method: post
    uri: https://mws-eu.amazonservices.com/Orders/2013-09-01
    body:
      encoding: UTF-8
      string: AWSAccessKeyId=foo&Action=GetOrder&AmazonOrderId.Id.1=bar&SellerId=MERCHANT_ID&SignatureMethod=HmacSHA256&SignatureVersion=2&Timestamp=2016-05-23T12%3A17%3A04Z&Version=2013-09-01&Signature=yzJY8FrVzr3BazJSk3RZPeYseVI1qkj%2FpKi1aP%2FFPqA%3D
    headers:
      User-Agent:
      - Jeff/1.5.1 (Language=Ruby; Hakans-MacBook.home)
      Content-Type:
      - application/x-www-form-urlencoded
  response:
    status:
      code: 403
      message:
    headers:
      Server:
      - Server
      Date:
      - Mon, 23 May 2016 12:17:05 GMT
      Content-Type:
      - text/xml
      Content-Length:
      - '344'
      Connection:
      - keep-alive
      x-mws-request-id:
      - 3a0e7604-1e30-4a02-bcbb-80b241aeb392
      x-mws-timestamp:
      - '2016-05-23T12:17:05.057Z'
      x-mws-response-context:
      - UH8GNaqfHirrCUobeac7hbz5u+TOqt1ha58Yrid9jNX0lNuq2k5GxwJTydwazd30B2SAlU7d+AUg
        B3uVG+KqFQ==
      Vary:
      - Accept-Encoding,User-Agent
    body:
      encoding: UTF-8
      string: |
        <?xml version="1.0"?>
        <ErrorResponse xmlns="https://mws.amazonservices.com/Orders/2013-09-01">
          <Error>
            <Type>Sender</Type>
            <Code>InvalidAccessKeyId</Code>
            <Message>The AWS Access Key Id you provided does not exist in our records.</Message>
          </Error>
          <RequestID>3a0e7604-1e30-4a02-bcbb-80b241aeb392</RequestID>
        </ErrorResponse>
  recorded_at: Mon, 23 May 2016 12:17:05 GMT
- request:
    method: post
    uri: https://mws.amazonservices.jp/Orders/2013-09-01
    body:
      encoding: UTF-8
      string: AWSAccessKeyId=foo&Action=GetOrder&AmazonOrderId.Id.1=bar&SellerId=MERCHANT_ID&SignatureMethod=HmacSHA256&SignatureVersion=2&Timestamp=2016-05-23T12%3A17%3A05Z&Version=2013-09-01&Signature=bQZQObbWut7cVRsrurA8MbM48cbX0b65hJIUxj%2FDnKU%3D
    headers:
      User-Agent:
      - Jeff/1.5.1 (Language=Ruby; Hakans-MacBook.home)
      Content-Type:
      - application/x-www-form-urlencoded
  response:
    status:
      code: 403
      message:
    headers:
      Server:
      - Server
      Date:
      - Mon, 23 May 2016 12:17:07 GMT
      Content-Type:
      - text/xml
      Content-Length:
      - '344'
      Connection:
      - keep-alive
      x-mws-request-id:
      - 336abcbc-d2e0-482e-a17c-3ebc1840702b
      x-mws-timestamp:
      - '2016-05-23T12:17:07.113Z'
      x-mws-response-context:
      - rVYRsv0Rhzc0hQs8SDAxk3PNN45ICeRqrxEpoezGCqq9dmP4+uErMDT6lUksS8uWdUdrLk5+Y2Dy
        wf00rhdpCw==
      Vary:
      - Accept-Encoding,User-Agent
    body:
      encoding: UTF-8
      string: |
        <?xml version="1.0"?>
        <ErrorResponse xmlns="https://mws.amazonservices.com/Orders/2013-09-01">
          <Error>
            <Type>Sender</Type>
            <Code>InvalidAccessKeyId</Code>
            <Message>The AWS Access Key Id you provided does not exist in our records.</Message>
          </Error>
          <RequestID>336abcbc-d2e0-482e-a17c-3ebc1840702b</RequestID>
        </ErrorResponse>
  recorded_at: Mon, 23 May 2016 12:17:07 GMT
- request:
    method: post
    uri: https://mws-eu.amazonservices.com/Orders/2013-09-01
    body:
      encoding: UTF-8
      string: AWSAccessKeyId=foo&Action=GetOrder&AmazonOrderId.Id.1=bar&SellerId=MERCHANT_ID&SignatureMethod=HmacSHA256&SignatureVersion=2&Timestamp=2016-05-23T12%3A17%3A07Z&Version=2013-09-01&Signature=HSnE4R93J5MFUX496b4t%2F7mWlW6k094mv0itVF3YoOE%3D
    headers:
      User-Agent:
      - Jeff/1.5.1 (Language=Ruby; Hakans-MacBook.home)
      Content-Type:
      - application/x-www-form-urlencoded
  response:
    status:
      code: 403
      message:
    headers:
      Server:
      - Server
      Date:
      - Mon, 23 May 2016 12:17:07 GMT
      Content-Type:
      - text/xml
      Content-Length:
      - '344'
      Connection:
      - keep-alive
      x-mws-request-id:
      - fa494823-6cc9-4a16-9ec2-2d219c793f10
      x-mws-timestamp:
      - '2016-05-23T12:17:07.603Z'
      x-mws-response-context:
      - hiHNyXMVlAzfxNrBusigW/Ianmjbo/W7rQWvZKlyNwcZqxNUnNs3d2QLN8KLut2wyu3mPLOPNbKc
        k2RLkc4S6A==
      Vary:
      - Accept-Encoding,User-Agent
    body:
      encoding: UTF-8
      string: |
        <?xml version="1.0"?>
        <ErrorResponse xmlns="https://mws.amazonservices.com/Orders/2013-09-01">
          <Error>
            <Type>Sender</Type>
            <Code>InvalidAccessKeyId</Code>
            <Message>The AWS Access Key Id you provided does not exist in our records.</Message>
          </Error>
          <RequestID>fa494823-6cc9-4a16-9ec2-2d219c793f10</RequestID>
        </ErrorResponse>
  recorded_at: Mon, 23 May 2016 12:17:07 GMT
- request:
    method: post
    uri: https://mws-eu.amazonservices.com/Orders/2013-09-01
    body:
      encoding: UTF-8
      string: AWSAccessKeyId=foo&Action=GetOrder&AmazonOrderId.Id.1=bar&SellerId=MERCHANT_ID&SignatureMethod=HmacSHA256&SignatureVersion=2&Timestamp=2016-05-23T12%3A17%3A07Z&Version=2013-09-01&Signature=2IC%2B6asAEkPu09p7pYusA5z2mzuLhVRuprtpPLHA6ao%3D
    headers:
      User-Agent:
      - Jeff/1.5.1 (Language=Ruby; Hakans-MacBook.home)
      Content-Type:
      - application/x-www-form-urlencoded
  response:
    status:
      code: 403
      message:
    headers:
      Server:
      - Server
      Date:
      - Mon, 23 May 2016 12:17:07 GMT
      Content-Type:
      - text/xml
      Content-Length:
      - '344'
      Connection:
      - keep-alive
      x-mws-request-id:
      - c84732da-1e06-4be4-afa7-ddbabbe2de28
      x-mws-timestamp:
      - '2016-05-23T12:17:07.862Z'
      x-mws-response-context:
      - j2hhCArf+5eJ5TDCBKz5by7w9P6My7gvAgSb3DpWacOVw+7DMtMFoVun8fde2u8KvWd0aTy5CN9b
        o9HakS7/Aw==
      Vary:
      - Accept-Encoding,User-Agent
    body:
      encoding: UTF-8
      string: |
        <?xml version="1.0"?>
        <ErrorResponse xmlns="https://mws.amazonservices.com/Orders/2013-09-01">
          <Error>
            <Type>Sender</Type>
            <Code>InvalidAccessKeyId</Code>
            <Message>The AWS Access Key Id you provided does not exist in our records.</Message>
          </Error>
          <RequestID>c84732da-1e06-4be4-afa7-ddbabbe2de28</RequestID>
        </ErrorResponse>
  recorded_at: Mon, 23 May 2016 12:17:07 GMT
- request:
    method: post
    uri: https://mws.amazonservices.com/Orders/2013-09-01
    body:
      encoding: UTF-8
      string: AWSAccessKeyId=foo&Action=GetOrder&AmazonOrderId.Id.1=bar&SellerId=MERCHANT_ID&SignatureMethod=HmacSHA256&SignatureVersion=2&Timestamp=2016-05-23T12%3A17%3A07Z&Version=2013-09-01&Signature=fNYJaW9V0dFEkNnollJMKdsNqPX585iH0SpnghCRN%2Bg%3D
    headers:
      User-Agent:
      - Jeff/1.5.1 (Language=Ruby; Hakans-MacBook.home)
      Content-Type:
      - application/x-www-form-urlencoded
  response:
    status:
      code: 403
      message:
    headers:
      Server:
      - Server
      Date:
      - Mon, 23 May 2016 12:17:08 GMT
      Content-Type:
      - text/xml
      Content-Length:
      - '344'
      Connection:
      - keep-alive
      x-mws-request-id:
      - e62e40db-56b1-426a-9931-e0ae1855ab3a
      x-mws-timestamp:
      - '2016-05-23T12:17:08.351Z'
      x-mws-response-context:
      - NK1tq0RbDyInkgO/Wv6uxNwqrVHWSip2dpUTRwLR821er9uBeB2OYFEgVAEffhUXexSTyItqpiZp
        3453n2OBpA==
      Vary:
      - Accept-Encoding,User-Agent
    body:
      encoding: UTF-8
      string: |
        <?xml version="1.0"?>
        <ErrorResponse xmlns="https://mws.amazonservices.com/Orders/2013-09-01">
          <Error>
            <Type>Sender</Type>
            <Code>InvalidAccessKeyId</Code>
            <Message>The AWS Access Key Id you provided does not exist in our records.</Message>
          </Error>
          <RequestID>e62e40db-56b1-426a-9931-e0ae1855ab3a</RequestID>
        </ErrorResponse>
  recorded_at: Mon, 23 May 2016 12:17:08 GMT
- request:
    method: post
    uri: https://mws-eu.amazonservices.com/Orders/2013-09-01
    body:
      encoding: UTF-8
      string: AWSAccessKeyId=foo&Action=GetOrder&AmazonOrderId.Id.1=bar&SellerId=MERCHANT_ID&SignatureMethod=HmacSHA256&SignatureVersion=2&Timestamp=2020-10-12T11%3A32%3A44Z&Version=2013-09-01&Signature=YAzjHMQpijkQPrxE%2BNWc77gwBupQAw%2B9xLiLMHQG%2FMw%3D
    headers:
      User-Agent:
      - Jeff/2.0.2 (Language=Ruby; Hakans-iMac.local)
      Content-Type:
      - application/x-www-form-urlencoded; charset=UTF-8
  response:
    status:
      code: 403
      message:
    headers:
      Server:
      - Server
      Date:
      - Mon, 12 Oct 2020 11:32:44 GMT
      Content-Type:
      - text/xml
      Content-Length:
      - '344'
      Connection:
      - keep-alive
      x-amz-rid:
      - ZEAVQY0SPYDABJFBFVBP
      x-mws-request-id:
      - 70ff696e-c213-4d3b-9a32-719309c26b37
      x-mws-timestamp:
      - '2020-10-12T11:32:44.601Z'
      x-mws-response-context:
      - 7ub3C1jnHymTwzAgZRg33u0fZZFftZj3PCdM3ZkuEenBQXIuOAvJOlYjIjyXpIh7PapRYyrEx7I=
      Vary:
      - Content-Type,Accept-Encoding,X-Amzn-CDN-Cache,X-Amzn-AX-Treatment,User-Agent
    body:
      encoding: ASCII-8BIT
      string: |
        <?xml version="1.0"?>
        <ErrorResponse xmlns="https://mws.amazonservices.com/Orders/2013-09-01">
          <Error>
            <Type>Sender</Type>
            <Code>InvalidAccessKeyId</Code>
            <Message>The AWS Access Key Id you provided does not exist in our records.</Message>
          </Error>
          <RequestID>70ff696e-c213-4d3b-9a32-719309c26b37</RequestID>
        </ErrorResponse>
  recorded_at: Mon, 12 Oct 2020 11:32:44 GMT
- request:
    method: post
    uri: https://mws.amazonservices.com.au/Orders/2013-09-01
    body:
      encoding: UTF-8
      string: AWSAccessKeyId=foo&Action=GetOrder&AmazonOrderId.Id.1=bar&SellerId=MERCHANT_ID&SignatureMethod=HmacSHA256&SignatureVersion=2&Timestamp=2020-10-12T11%3A32%3A44Z&Version=2013-09-01&Signature=LaDzgxEwqZTjKMG6cGLoo6EfyIa%2F33rRkwcNRX5IEj4%3D
    headers:
      User-Agent:
      - Jeff/2.0.2 (Language=Ruby; Hakans-iMac.local)
      Content-Type:
      - application/x-www-form-urlencoded; charset=UTF-8
  response:
    status:
      code: 403
      message:
    headers:
      Server:
      - Server
      Date:
      - Mon, 12 Oct 2020 11:32:45 GMT
      Content-Type:
      - text/xml
      Content-Length:
      - '344'
      Connection:
      - keep-alive
      x-amz-rid:
      - Y7ZB6V0WEYR9HGH2GKQT
      x-mws-request-id:
      - 557d74ef-3612-41d3-b83b-fd7ae65ef357
      x-mws-timestamp:
      - '2020-10-12T11:32:45.126Z'
      x-mws-response-context:
      - C9U4V6HeRSp0PoiHIjiPcYS8errRQag+NF/g1clfMN2shosd64PQYOGy+kJZrQf/EQ7GX94qEmI=
      Vary:
      - Content-Type,Accept-Encoding,X-Amzn-CDN-Cache,X-Amzn-AX-Treatment,User-Agent
    body:
      encoding: ASCII-8BIT
      string: |
        <?xml version="1.0"?>
        <ErrorResponse xmlns="https://mws.amazonservices.com/Orders/2013-09-01">
          <Error>
            <Type>Sender</Type>
            <Code>InvalidAccessKeyId</Code>
            <Message>The AWS Access Key Id you provided does not exist in our records.</Message>
          </Error>
          <RequestID>557d74ef-3612-41d3-b83b-fd7ae65ef357</RequestID>
        </ErrorResponse>
  recorded_at: Mon, 12 Oct 2020 11:32:45 GMT
- request:
    method: post
    uri: https://mws-fe.amazonservices.com/Orders/2013-09-01
    body:
      encoding: UTF-8
      string: AWSAccessKeyId=foo&Action=GetOrder&AmazonOrderId.Id.1=bar&SellerId=MERCHANT_ID&SignatureMethod=HmacSHA256&SignatureVersion=2&Timestamp=2020-10-13T10%3A53%3A09Z&Version=2013-09-01&Signature=sFU0mYn%2B3qg75dl13ED9CJBeOahnpyIW%2FxGXhrmbg5g%3D
    headers:
      User-Agent:
      - Jeff/2.0.2 (Language=Ruby; Hakans-iMac.local)
      Content-Type:
      - application/x-www-form-urlencoded; charset=UTF-8
  response:
    status:
      code: 403
      message:
    headers:
      Server:
      - Server
      Date:
      - Tue, 13 Oct 2020 10:53:10 GMT
      Content-Type:
      - text/xml
      Content-Length:
      - '344'
      Connection:
      - keep-alive
      x-amz-rid:
      - 201J863GHG2ZJJT9J7QJ
      x-mws-request-id:
      - 7e834d9e-140d-48a2-9721-3b75dc45792d
      x-mws-timestamp:
      - '2020-10-13T10:53:10.197Z'
      x-mws-response-context:
      - kx4BkXVoTYDDyAnU0sDqoy2DTIDN9L492cp48XsP0XauvmFwnJYLzsqW8C/sNk8rnd87Tby3Qwo=
      Vary:
      - Content-Type,Accept-Encoding,X-Amzn-CDN-Cache,X-Amzn-AX-Treatment,User-Agent
    body:
      encoding: ASCII-8BIT
      string: |
        <?xml version="1.0"?>
        <ErrorResponse xmlns="https://mws.amazonservices.com/Orders/2013-09-01">
          <Error>
            <Type>Sender</Type>
            <Code>InvalidAccessKeyId</Code>
            <Message>The AWS Access Key Id you provided does not exist in our records.</Message>
          </Error>
          <RequestID>7e834d9e-140d-48a2-9721-3b75dc45792d</RequestID>
        </ErrorResponse>
  recorded_at: Tue, 13 Oct 2020 10:53:10 GMT
recorded_with: VCR 6.0.0
