---
http_interactions:
- request:
    method: post
    uri: https://mws.amazonservices.com/Sellers/2011-07-01
    body:
      encoding: US-ASCII
      string: AWSAccessKeyId=AWS_ACCESS_KEY_ID&Action=GetServiceStatus&SellerId=MERCHANT_ID&SignatureMethod=HmacSHA256&SignatureVersion=2&Timestamp=2015-03-28T18%3A13%3A57Z&Version=2011-07-01&Signature=Gdxv8jDoYOJ1GDoNkxiVe5EIgECrTrTkUaEBg%2FqE%2BXI%3D
    headers:
      User-Agent:
      - Jeff/1.2.0 (Language=Ruby; Hakans-MacBook-Pro.local)
  response:
    status:
      code: 200
      message:
    headers:
      Date:
      - Sat, 28 Mar 2015 18:13:57 GMT
      Server:
      - AmazonMWS
      x-mws-request-id:
      - f411b1c5-b93d-4b4c-8100-7be17c46c019
      x-mws-timestamp:
      - '2015-03-28T18:13:58.055Z'
      x-mws-response-context:
      - uW/sxLaSyw9rn4GReMWu0c2zluHCX+1rPgXrw0WHAyYYBEERuwmxvb46a/cPJvBI5gAFvNT5qZ8=
      Content-Type:
      - text/xml
      Content-Length:
      - '376'
      Vary:
      - User-Agent
    body:
      encoding: UTF-8
      string: |
        <?xml version="1.0"?>
        <GetServiceStatusResponse xmlns="https://mws.amazonservices.com/Sellers/2011-07-01">
          <GetServiceStatusResult>
            <Status>GREEN</Status>
            <Timestamp>2015-03-28T18:13:58.055Z</Timestamp>
          </GetServiceStatusResult>
          <ResponseMetadata>
            <RequestId>f411b1c5-b93d-4b4c-8100-7be17c46c019</RequestId>
          </ResponseMetadata>
        </GetServiceStatusResponse>
  recorded_at: Sat, 28 Mar 2015 18:13:58 GMT
- request:
    method: post
    uri: https://mws-eu.amazonservices.com/Sellers/2011-07-01
    body:
      encoding: US-ASCII
      string: AWSAccessKeyId=AWS_ACCESS_KEY_ID&Action=GetServiceStatus&SellerId=MERCHANT_ID&SignatureMethod=HmacSHA256&SignatureVersion=2&Timestamp=2015-03-28T18%3A13%3A58Z&Version=2011-07-01&Signature=OALSBasa%2F6bABOyBCAUvnWH%2Be14TZRIJTSdedYZbpR8%3D
    headers:
      User-Agent:
      - Jeff/1.2.0 (Language=Ruby; Hakans-MacBook-Pro.local)
  response:
    status:
      code: 200
      message:
    headers:
      Date:
      - Sat, 28 Mar 2015 18:13:57 GMT
      Server:
      - AmazonMWS
      x-mws-request-id:
      - 833c2568-5881-4d47-b67d-9914ffa9d4b7
      x-mws-timestamp:
      - '2015-03-28T18:13:58.618Z'
      x-mws-response-context:
      - y+2LP/GJlwRMo2GBfVakxwaJsTn9I9vTztFm36bC/O/m44FfrSFSjddTIopva3P+NPGRp7SHh+Q=
      Content-Type:
      - text/xml
      Content-Length:
      - '376'
      Vary:
      - User-Agent
    body:
      encoding: UTF-8
      string: |
        <?xml version="1.0"?>
        <GetServiceStatusResponse xmlns="https://mws.amazonservices.com/Sellers/2011-07-01">
          <GetServiceStatusResult>
            <Status>GREEN</Status>
            <Timestamp>2015-03-28T18:13:58.618Z</Timestamp>
          </GetServiceStatusResult>
          <ResponseMetadata>
            <RequestId>833c2568-5881-4d47-b67d-9914ffa9d4b7</RequestId>
          </ResponseMetadata>
        </GetServiceStatusResponse>
  recorded_at: Sat, 28 Mar 2015 18:13:58 GMT
- request:
    method: post
    uri: https://mws.amazonservices.jp/Sellers/2011-07-01
    body:
      encoding: US-ASCII
      string: AWSAccessKeyId=AWS_ACCESS_KEY_ID&Action=GetServiceStatus&SellerId=MERCHANT_ID&SignatureMethod=HmacSHA256&SignatureVersion=2&Timestamp=2015-03-28T18%3A13%3A58Z&Version=2011-07-01&Signature=L45DmGqP13WqNiI711L9V8ko3bLbO6XCE3ChNrI1%2FeY%3D
    headers:
      User-Agent:
      - Jeff/1.2.0 (Language=Ruby; Hakans-MacBook-Pro.local)
  response:
    status:
      code: 200
      message:
    headers:
      Date:
      - Sat, 28 Mar 2015 18:13:58 GMT
      Server:
      - AmazonMWS
      x-mws-request-id:
      - 43baca03-7ebc-45c6-8412-93f46e6d2897
      x-mws-timestamp:
      - '2015-03-28T18:13:59.609Z'
      x-mws-response-context:
      - ixFM4BhKB6JwNNslJEtkUi7JUdapk26n1JZhopSVkzQn57ywSONH2AS0/8cAIiTOEyIoyJBqlRg=
      Content-Type:
      - text/xml
      Content-Length:
      - '376'
      Vary:
      - User-Agent
    body:
      encoding: UTF-8
      string: |
        <?xml version="1.0"?>
        <GetServiceStatusResponse xmlns="https://mws.amazonservices.com/Sellers/2011-07-01">
          <GetServiceStatusResult>
            <Status>GREEN</Status>
            <Timestamp>2015-03-28T18:13:59.609Z</Timestamp>
          </GetServiceStatusResult>
          <ResponseMetadata>
            <RequestId>43baca03-7ebc-45c6-8412-93f46e6d2897</RequestId>
          </ResponseMetadata>
        </GetServiceStatusResponse>
  recorded_at: Sat, 28 Mar 2015 18:13:59 GMT
- request:
    method: post
    uri: https://mws.amazonservices.com/Sellers/2011-07-01
    body:
      encoding: US-ASCII
      string: AWSAccessKeyId=AWS_ACCESS_KEY_ID&Action=GetServiceStatus&SellerId=MERCHANT_ID&SignatureMethod=HmacSHA256&SignatureVersion=2&Timestamp=2015-03-28T18%3A13%3A59Z&Version=2011-07-01&Signature=UJDjuYTUEoyUO1R0%2FNJRUCBGbi6dPt2DzLSqG%2BqrIDg%3D
    headers:
      User-Agent:
      - Jeff/1.2.0 (Language=Ruby; Hakans-MacBook-Pro.local)
  response:
    status:
      code: 200
      message:
    headers:
      Date:
      - Sat, 28 Mar 2015 18:14:00 GMT
      Server:
      - AmazonMWS
      x-mws-request-id:
      - c2fd8334-3458-4b18-b1aa-492aa87c0439
      x-mws-timestamp:
      - '2015-03-28T18:14:00.459Z'
      x-mws-response-context:
      - Jg33juaX4DhEnZ2+qAtx7yzZYPJnpJDTbBNJsGNAYU+RK06AH/z0AGCQgUAid5ioHmFKLdjtBEY=
      Content-Type:
      - text/xml
      Content-Length:
      - '376'
      Vary:
      - User-Agent
    body:
      encoding: UTF-8
      string: |
        <?xml version="1.0"?>
        <GetServiceStatusResponse xmlns="https://mws.amazonservices.com/Sellers/2011-07-01">
          <GetServiceStatusResult>
            <Status>GREEN</Status>
            <Timestamp>2015-03-28T18:14:00.459Z</Timestamp>
          </GetServiceStatusResult>
          <ResponseMetadata>
            <RequestId>c2fd8334-3458-4b18-b1aa-492aa87c0439</RequestId>
          </ResponseMetadata>
        </GetServiceStatusResponse>
  recorded_at: Sat, 28 Mar 2015 18:14:00 GMT
- request:
    method: post
    uri: https://mws.amazonservices.com/Sellers/2011-07-01
    body:
      encoding: UTF-8
      string: AWSAccessKeyId=AWS_ACCESS_KEY_ID&Action=GetServiceStatus&SellerId=MERCHANT_ID&SignatureMethod=HmacSHA256&SignatureVersion=2&Timestamp=2016-05-23T13%3A12%3A43Z&Version=2011-07-01&Signature=mVuk25QB72luLdacYy6vRfw7xR7WIYrDOziweaU62QA%3D
    headers:
      User-Agent:
      - Jeff/1.5.1 (Language=Ruby; Hakans-MacBook.home)
      Content-Type:
      - application/x-www-form-urlencoded
  response:
    status:
      code: 200
      message:
    headers:
      Server:
      - Server
      Date:
      - Mon, 23 May 2016 13:12:44 GMT
      Content-Type:
      - text/xml
      Content-Length:
      - '376'
      Connection:
      - keep-alive
      x-mws-request-id:
      - aea4ad79-b8dd-4f07-9a73-844aaf429adb
      x-mws-timestamp:
      - '2016-05-23T13:12:44.092Z'
      x-mws-response-context:
      - GKJrQ0mtf0gQ5iIR90m5Jge7CSnUoM2P2vbzjDyA4NnG1rFeDvdddLHk+m7BPxaiMt/s5R8GcsIl
        anpAhY1v5g==
      Vary:
      - Accept-Encoding,User-Agent
    body:
      encoding: UTF-8
      string: |
        <?xml version="1.0"?>
        <GetServiceStatusResponse xmlns="https://mws.amazonservices.com/Sellers/2011-07-01">
          <GetServiceStatusResult>
            <Status>GREEN</Status>
            <Timestamp>2016-05-23T13:12:44.092Z</Timestamp>
          </GetServiceStatusResult>
          <ResponseMetadata>
            <RequestId>aea4ad79-b8dd-4f07-9a73-844aaf429adb</RequestId>
          </ResponseMetadata>
        </GetServiceStatusResponse>
  recorded_at: Mon, 23 May 2016 13:12:44 GMT
- request:
    method: post
    uri: https://mws-eu.amazonservices.com/Sellers/2011-07-01
    body:
      encoding: UTF-8
      string: AWSAccessKeyId=AWS_ACCESS_KEY_ID&Action=GetServiceStatus&SellerId=MERCHANT_ID&SignatureMethod=HmacSHA256&SignatureVersion=2&Timestamp=2016-05-23T13%3A12%3A44Z&Version=2011-07-01&Signature=bwwhehxz%2BZ%2Bzyxbn%2FnFpyDnc81OEA6nJ8BmSghXEADI%3D
    headers:
      User-Agent:
      - Jeff/1.5.1 (Language=Ruby; Hakans-MacBook.home)
      Content-Type:
      - application/x-www-form-urlencoded
  response:
    status:
      code: 200
      message:
    headers:
      Server:
      - Server
      Date:
      - Mon, 23 May 2016 13:12:44 GMT
      Content-Type:
      - text/xml
      Content-Length:
      - '376'
      Connection:
      - keep-alive
      x-mws-request-id:
      - c9981132-2d74-44c6-b36c-0744d50d2c68
      x-mws-timestamp:
      - '2016-05-23T13:12:44.474Z'
      x-mws-response-context:
      - fNGAxjz9VMG+Q+A35OIVxjDV71nCcsdqIf8BXQTnfziDyt46xxJBvSHGK72lCJ7rgyZtE30x28vj
        4nXb5U7M4Q==
      Vary:
      - Accept-Encoding,User-Agent
    body:
      encoding: UTF-8
      string: |
        <?xml version="1.0"?>
        <GetServiceStatusResponse xmlns="https://mws.amazonservices.com/Sellers/2011-07-01">
          <GetServiceStatusResult>
            <Status>GREEN</Status>
            <Timestamp>2016-05-23T13:12:44.474Z</Timestamp>
          </GetServiceStatusResult>
          <ResponseMetadata>
            <RequestId>c9981132-2d74-44c6-b36c-0744d50d2c68</RequestId>
          </ResponseMetadata>
        </GetServiceStatusResponse>
  recorded_at: Mon, 23 May 2016 13:12:44 GMT
- request:
    method: post
    uri: https://mws-eu.amazonservices.com/Sellers/2011-07-01
    body:
      encoding: UTF-8
      string: AWSAccessKeyId=AWS_ACCESS_KEY_ID&Action=GetServiceStatus&SellerId=MERCHANT_ID&SignatureMethod=HmacSHA256&SignatureVersion=2&Timestamp=2016-05-23T13%3A12%3A44Z&Version=2011-07-01&Signature=WWkUCBA3y14zctlDO2kL1F33KXEhd9TLkxcH9fCcYrQ%3D
    headers:
      User-Agent:
      - Jeff/1.5.1 (Language=Ruby; Hakans-MacBook.home)
      Content-Type:
      - application/x-www-form-urlencoded
  response:
    status:
      code: 200
      message:
    headers:
      Server:
      - Server
      Date:
      - Mon, 23 May 2016 13:12:44 GMT
      Content-Type:
      - text/xml
      Content-Length:
      - '376'
      Connection:
      - keep-alive
      x-mws-request-id:
      - 3989d301-ce9a-49a7-aaad-f926f83375fd
      x-mws-timestamp:
      - '2016-05-23T13:12:44.741Z'
      x-mws-response-context:
      - SQ+2b8Hdym1eRj+Gvxdoi+0/T+UR830m1OLnC4uLu77CMzOgYCIW3tZ437BznBYfrwfF3H14PeZ0
        6BsBBoFYfg==
      Vary:
      - Accept-Encoding,User-Agent
    body:
      encoding: UTF-8
      string: |
        <?xml version="1.0"?>
        <GetServiceStatusResponse xmlns="https://mws.amazonservices.com/Sellers/2011-07-01">
          <GetServiceStatusResult>
            <Status>GREEN</Status>
            <Timestamp>2016-05-23T13:12:44.741Z</Timestamp>
          </GetServiceStatusResult>
          <ResponseMetadata>
            <RequestId>3989d301-ce9a-49a7-aaad-f926f83375fd</RequestId>
          </ResponseMetadata>
        </GetServiceStatusResponse>
  recorded_at: Mon, 23 May 2016 13:12:44 GMT
- request:
    method: post
    uri: https://mws-eu.amazonservices.com/Sellers/2011-07-01
    body:
      encoding: UTF-8
      string: AWSAccessKeyId=AWS_ACCESS_KEY_ID&Action=GetServiceStatus&SellerId=MERCHANT_ID&SignatureMethod=HmacSHA256&SignatureVersion=2&Timestamp=2016-05-23T13%3A12%3A44Z&Version=2011-07-01&Signature=6Uc%2FIwJ16FM%2F9sRr786xkh%2B5Yoe8dETppIFva8%2BUUFA%3D
    headers:
      User-Agent:
      - Jeff/1.5.1 (Language=Ruby; Hakans-MacBook.home)
      Content-Type:
      - application/x-www-form-urlencoded
  response:
    status:
      code: 200
      message:
    headers:
      Server:
      - Server
      Date:
      - Mon, 23 May 2016 13:12:45 GMT
      Content-Type:
      - text/xml
      Content-Length:
      - '376'
      Connection:
      - keep-alive
      x-mws-request-id:
      - cb651f0b-1105-4a5b-a129-49f6465e12ed
      x-mws-timestamp:
      - '2016-05-23T13:12:45.018Z'
      x-mws-response-context:
      - k9uOiYKjStmeZ/uli4CqKAaYkealWBinKlFsOhwyiTgmpMcJU03vsRh0yqZWPyhib6qSkKSF/xSt
        cWJXzzLQ3w==
      Vary:
      - Accept-Encoding,User-Agent
    body:
      encoding: UTF-8
      string: |
        <?xml version="1.0"?>
        <GetServiceStatusResponse xmlns="https://mws.amazonservices.com/Sellers/2011-07-01">
          <GetServiceStatusResult>
            <Status>GREEN</Status>
            <Timestamp>2016-05-23T13:12:45.018Z</Timestamp>
          </GetServiceStatusResult>
          <ResponseMetadata>
            <RequestId>cb651f0b-1105-4a5b-a129-49f6465e12ed</RequestId>
          </ResponseMetadata>
        </GetServiceStatusResponse>
  recorded_at: Mon, 23 May 2016 13:12:45 GMT
- request:
    method: post
    uri: https://mws-eu.amazonservices.com/Sellers/2011-07-01
    body:
      encoding: UTF-8
      string: AWSAccessKeyId=AWS_ACCESS_KEY_ID&Action=GetServiceStatus&SellerId=MERCHANT_ID&SignatureMethod=HmacSHA256&SignatureVersion=2&Timestamp=2016-05-23T13%3A12%3A45Z&Version=2011-07-01&Signature=rmqM%2FmhQKhRnsLkFKqqLhauwfbxLVdwzP6ZH%2Fx2RFxU%3D
    headers:
      User-Agent:
      - Jeff/1.5.1 (Language=Ruby; Hakans-MacBook.home)
      Content-Type:
      - application/x-www-form-urlencoded
  response:
    status:
      code: 200
      message:
    headers:
      Server:
      - Server
      Date:
      - Mon, 23 May 2016 13:12:45 GMT
      Content-Type:
      - text/xml
      Content-Length:
      - '376'
      Connection:
      - keep-alive
      x-mws-request-id:
      - ad86e223-80c1-4f56-bec6-14a26c164a58
      x-mws-timestamp:
      - '2016-05-23T13:12:45.268Z'
      x-mws-response-context:
      - "/Dmb0rR7lKYk+I/r/l3H9BQeVzoxfN/yKUdEH1Iqt62zlXEXhYlT2my3p4JqwMyZ6gjp30mjCzKv
        kbfCWY6Rpg=="
      Vary:
      - Accept-Encoding,User-Agent
    body:
      encoding: UTF-8
      string: |
        <?xml version="1.0"?>
        <GetServiceStatusResponse xmlns="https://mws.amazonservices.com/Sellers/2011-07-01">
          <GetServiceStatusResult>
            <Status>GREEN</Status>
            <Timestamp>2016-05-23T13:12:45.268Z</Timestamp>
          </GetServiceStatusResult>
          <ResponseMetadata>
            <RequestId>ad86e223-80c1-4f56-bec6-14a26c164a58</RequestId>
          </ResponseMetadata>
        </GetServiceStatusResponse>
  recorded_at: Mon, 23 May 2016 13:12:45 GMT
- request:
    method: post
    uri: https://mws.amazonservices.com.au/Sellers/2011-07-01
    body:
      encoding: UTF-8
      string: AWSAccessKeyId=AWS_ACCESS_KEY_ID&Action=GetServiceStatus&SellerId=MERCHANT_ID&SignatureMethod=HmacSHA256&SignatureVersion=2&Timestamp=2020-10-12T11%3A32%3A45Z&Version=2011-07-01&Signature=qk7w2c7T79FEMaONYrFTLSaxy6aUH1KrE4rxhf%2ByncE%3D
    headers:
      User-Agent:
      - Jeff/2.0.2 (Language=Ruby; Hakans-iMac.local)
      Content-Type:
      - application/x-www-form-urlencoded; charset=UTF-8
  response:
    status:
      code: 200
      message:
    headers:
      Server:
      - Server
      Date:
      - Mon, 12 Oct 2020 11:32:45 GMT
      Content-Type:
      - text/xml
      Content-Length:
      - '376'
      Connection:
      - keep-alive
      x-amz-rid:
      - 8HJ7BBSK7Z899BNGDAGT
      x-mws-request-id:
      - 44545af7-e4f2-4be1-8b0e-b8134ea3b686
      x-mws-timestamp:
      - '2020-10-12T11:32:45.732Z'
      x-mws-response-context:
      - Ko6uP6CA6mW/X6ehjrcw012Q1uX6HdSid/wlkhFWy4QmiO0gHCFX2LOirWoV0pv90NH5WL8pY/M=
      Vary:
      - Content-Type,Accept-Encoding,X-Amzn-CDN-Cache,X-Amzn-AX-Treatment,User-Agent
    body:
      encoding: ASCII-8BIT
      string: |
        <?xml version="1.0"?>
        <GetServiceStatusResponse xmlns="https://mws.amazonservices.com/Sellers/2011-07-01">
          <GetServiceStatusResult>
            <Status>GREEN</Status>
            <Timestamp>2020-10-12T11:32:45.732Z</Timestamp>
          </GetServiceStatusResult>
          <ResponseMetadata>
            <RequestId>44545af7-e4f2-4be1-8b0e-b8134ea3b686</RequestId>
          </ResponseMetadata>
        </GetServiceStatusResponse>
  recorded_at: Mon, 12 Oct 2020 11:32:45 GMT
- request:
    method: post
    uri: https://mws-eu.amazonservices.com/Sellers/2011-07-01
    body:
      encoding: UTF-8
      string: AWSAccessKeyId=AWS_ACCESS_KEY_ID&Action=GetServiceStatus&SellerId=MERCHANT_ID&SignatureMethod=HmacSHA256&SignatureVersion=2&Timestamp=2020-10-12T11%3A32%3A45Z&Version=2011-07-01&Signature=OYFC9HQKlhkegy3I%2FvcQG%2BXnSVJnKxEcJ6P60s5tS%2BY%3D
    headers:
      User-Agent:
      - Jeff/2.0.2 (Language=Ruby; Hakans-iMac.local)
      Content-Type:
      - application/x-www-form-urlencoded; charset=UTF-8
  response:
    status:
      code: 200
      message:
    headers:
      Server:
      - Server
      Date:
      - Mon, 12 Oct 2020 11:32:45 GMT
      Content-Type:
      - text/xml
      Content-Length:
      - '376'
      Connection:
      - keep-alive
      x-amz-rid:
      - GHY8BYHBMBRNCYVTV2F3
      x-mws-request-id:
      - 02dc8757-d70e-411e-b341-518d7d39f0a9
      x-mws-timestamp:
      - '2020-10-12T11:32:45.887Z'
      x-mws-response-context:
      - 8o4wI+64JcFyIqAsOx9IMPO2eUgYKOtcNnaOPrMK8AoSqfCK1I6Mn0k5svmRk+WH1z5Sn72p9U0=
      Vary:
      - Content-Type,Accept-Encoding,X-Amzn-CDN-Cache,X-Amzn-AX-Treatment,User-Agent
    body:
      encoding: ASCII-8BIT
      string: |
        <?xml version="1.0"?>
        <GetServiceStatusResponse xmlns="https://mws.amazonservices.com/Sellers/2011-07-01">
          <GetServiceStatusResult>
            <Status>GREEN</Status>
            <Timestamp>2020-10-12T11:32:45.887Z</Timestamp>
          </GetServiceStatusResult>
          <ResponseMetadata>
            <RequestId>02dc8757-d70e-411e-b341-518d7d39f0a9</RequestId>
          </ResponseMetadata>
        </GetServiceStatusResponse>
  recorded_at: Mon, 12 Oct 2020 11:32:45 GMT
- request:
    method: post
    uri: https://mws-fe.amazonservices.com/Sellers/2011-07-01
    body:
      encoding: UTF-8
      string: AWSAccessKeyId=AWS_ACCESS_KEY_ID&Action=GetServiceStatus&SellerId=MERCHANT_ID&SignatureMethod=HmacSHA256&SignatureVersion=2&Timestamp=2020-10-13T10%3A58%3A14Z&Version=2011-07-01&Signature=gerk9WAJ96KE7hpvGCsS7jhKEAMWgomNB%2FEGitqwyzI%3D
    headers:
      User-Agent:
      - Jeff/2.0.2 (Language=Ruby; Hakans-iMac.local)
      Content-Type:
      - application/x-www-form-urlencoded; charset=UTF-8
  response:
    status:
      code: 200
      message:
    headers:
      Server:
      - Server
      Date:
      - Tue, 13 Oct 2020 10:58:15 GMT
      Content-Type:
      - text/xml
      Content-Length:
      - '376'
      Connection:
      - keep-alive
      x-amz-rid:
      - RZHW7P0C5J5WHTK0ZT6C
      x-mws-request-id:
      - 181a6518-4302-4260-bee1-56b84b3e89d6
      x-mws-timestamp:
      - '2020-10-13T10:58:15.358Z'
      x-mws-response-context:
      - sBsh7VCvv8L28S7PMNhr5du1fJaO2FleeeprUbuL+E+9zT54nCTl9AmpiYlALNkBeqgwlLG1vpo=
      Vary:
      - Content-Type,Accept-Encoding,X-Amzn-CDN-Cache,X-Amzn-AX-Treatment,User-Agent
    body:
      encoding: ASCII-8BIT
      string: |
        <?xml version="1.0"?>
        <GetServiceStatusResponse xmlns="https://mws.amazonservices.com/Sellers/2011-07-01">
          <GetServiceStatusResult>
            <Status>GREEN</Status>
            <Timestamp>2020-10-13T10:58:15.358Z</Timestamp>
          </GetServiceStatusResult>
          <ResponseMetadata>
            <RequestId>181a6518-4302-4260-bee1-56b84b3e89d6</RequestId>
          </ResponseMetadata>
        </GetServiceStatusResponse>
  recorded_at: Tue, 13 Oct 2020 10:58:15 GMT
recorded_with: VCR 6.0.0
